[2025-07-31 11:33:20 : INFO] - Cache for URL: http://localhost/shabbir_portfolio_code/?p=828 has been purged, triggered by action: save_post 
[2025-07-31 11:33:20 : INFO] - Cache for previous post (with URL: http://localhost/shabbir_portfolio_code/index.php/2025/07/18/hello-world/) adjacent to post with id: 828 has been purged, triggered by action: save_post 
[2025-07-31 11:33:20 : INFO] - Cache for all archives page associated with post_type: post and Title: "Auto Draft" have been purged, triggered by action: save_post 
[2025-07-31 11:38:03 : INFO] - Cache for URL: http://localhost/shabbir_portfolio_code/ has been purged, triggered by action: save_post 
[2025-07-31 11:38:03 : INFO] - Cache for URL: http://localhost/shabbir_portfolio_code/ has been purged, triggered by action: save_post 
[2025-07-31 11:38:04 : INFO] - Cache for URL: http://localhost/shabbir_portfolio_code/ has been purged, triggered by action: save_post 
[2025-07-31 11:38:23 : INFO] - Cache for URL: http://localhost/shabbir_portfolio_code/ has been purged, triggered by action: save_post 
[2025-07-31 11:38:23 : INFO] - Cache for URL: http://localhost/shabbir_portfolio_code/ has been purged, triggered by action: save_post 
[2025-07-31 11:38:24 : INFO] - Cache for URL: http://localhost/shabbir_portfolio_code/ has been purged, triggered by action: save_post 
[2025-07-31 11:38:42 : INFO] - Cache for URL: http://localhost/shabbir_portfolio_code/ has been purged, triggered by action: save_post 
[2025-07-31 11:38:42 : INFO] - Cache for URL: http://localhost/shabbir_portfolio_code/ has been purged, triggered by action: save_post 
[2025-07-31 11:38:42 : INFO] - Cache for URL: http://localhost/shabbir_portfolio_code/ has been purged, triggered by action: save_post 
[2025-07-31 11:40:16 : INFO] - Cache for URL: http://localhost/shabbir_portfolio_code/ has been purged, triggered by action: save_post 
[2025-07-31 11:40:16 : INFO] - Cache for URL: http://localhost/shabbir_portfolio_code/ has been purged, triggered by action: save_post 
[2025-07-31 11:40:16 : INFO] - Cache for URL: http://localhost/shabbir_portfolio_code/ has been purged, triggered by action: save_post 
[2025-07-31 11:42:20 : INFO] - Cache for URL: http://localhost/shabbir_portfolio_code/ has been purged, triggered by action: save_post 
[2025-07-31 11:42:20 : INFO] - Cache for URL: http://localhost/shabbir_portfolio_code/ has been purged, triggered by action: save_post 
[2025-07-31 11:42:20 : INFO] - Cache for URL: http://localhost/shabbir_portfolio_code/ has been purged, triggered by action: save_post 
[2025-07-31 11:44:50 : INFO] - Cache for URL: http://localhost/shabbir_portfolio_code/ has been purged, triggered by action: save_post 
[2025-07-31 11:44:50 : INFO] - Cache for URL: http://localhost/shabbir_portfolio_code/ has been purged, triggered by action: save_post 
[2025-07-31 11:44:50 : INFO] - Cache for URL: http://localhost/shabbir_portfolio_code/ has been purged, triggered by action: save_post 
[2025-07-31 11:49:19 : INFO] - Cache for URL: http://localhost/shabbir_portfolio_code/ has been purged, triggered by action: save_post 
[2025-07-31 11:49:19 : INFO] - Cache for URL: http://localhost/shabbir_portfolio_code/ has been purged, triggered by action: save_post 
[2025-07-31 11:49:19 : INFO] - Cache for URL: http://localhost/shabbir_portfolio_code/ has been purged, triggered by action: save_post 
[2025-07-31 11:51:02 : INFO] - Cache for URL: http://localhost/shabbir_portfolio_code/ has been purged, triggered by action: save_post 
[2025-07-31 11:51:02 : INFO] - Cache for URL: http://localhost/shabbir_portfolio_code/ has been purged, triggered by action: save_post 
[2025-07-31 11:51:02 : INFO] - Cache for URL: http://localhost/shabbir_portfolio_code/ has been purged, triggered by action: save_post 
[2025-07-31 11:52:10 : INFO] - Cache for URL: http://localhost/shabbir_portfolio_code/ has been purged, triggered by action: save_post 
[2025-07-31 11:52:10 : INFO] - Cache for URL: http://localhost/shabbir_portfolio_code/ has been purged, triggered by action: save_post 
[2025-07-31 11:52:11 : INFO] - Cache for URL: http://localhost/shabbir_portfolio_code/ has been purged, triggered by action: save_post 
[2025-08-06 06:43:08 : INFO] - Cache for URL: http://localhost/shabbir_portfolio_code/ has been purged, triggered by action: save_post 
[2025-08-06 06:43:08 : INFO] - Cache for URL: http://localhost/shabbir_portfolio_code/ has been purged, triggered by action: save_post 
[2025-08-06 06:43:08 : INFO] - Cache for URL: http://localhost/shabbir_portfolio_code/ has been purged, triggered by action: save_post 
[2025-08-06 06:43:32 : INFO] - Cache for URL: http://localhost/shabbir_portfolio_code/ has been purged, triggered by action: save_post 
[2025-08-06 06:43:32 : INFO] - Cache for URL: http://localhost/shabbir_portfolio_code/ has been purged, triggered by action: save_post 
[2025-08-06 06:43:33 : INFO] - Cache for URL: http://localhost/shabbir_portfolio_code/ has been purged, triggered by action: save_post 
[2025-08-06 06:48:13 : INFO] - Cache for URL: http://localhost/shabbir_portfolio_code/ has been purged, triggered by action: save_post 
[2025-08-06 06:48:14 : INFO] - Cache for URL: http://localhost/shabbir_portfolio_code/ has been purged, triggered by action: save_post 
[2025-08-06 06:48:14 : INFO] - Cache for URL: http://localhost/shabbir_portfolio_code/ has been purged, triggered by action: save_post 
[2025-08-06 06:49:54 : INFO] - Cache for URL: http://localhost/shabbir_portfolio_code/ has been purged, triggered by action: save_post 
[2025-08-06 06:49:54 : INFO] - Cache for URL: http://localhost/shabbir_portfolio_code/ has been purged, triggered by action: save_post 
[2025-08-06 06:49:55 : INFO] - Cache for URL: http://localhost/shabbir_portfolio_code/ has been purged, triggered by action: save_post 
[2025-08-06 06:51:15 : INFO] - Cache for URL: http://localhost/shabbir_portfolio_code/ has been purged, triggered by action: save_post 
[2025-08-06 06:51:15 : INFO] - Cache for URL: http://localhost/shabbir_portfolio_code/ has been purged, triggered by action: save_post 
[2025-08-06 06:51:16 : INFO] - Cache for URL: http://localhost/shabbir_portfolio_code/ has been purged, triggered by action: save_post 
[2025-08-06 06:51:39 : INFO] - Cache for URL: http://localhost/shabbir_portfolio_code/ has been purged, triggered by action: save_post 
[2025-08-06 06:51:39 : INFO] - Cache for URL: http://localhost/shabbir_portfolio_code/ has been purged, triggered by action: save_post 
[2025-08-06 06:51:40 : INFO] - Cache for URL: http://localhost/shabbir_portfolio_code/ has been purged, triggered by action: save_post 
[2025-08-06 07:16:40 : INFO] - Cache for URL: http://localhost/shabbir_portfolio_code/ has been purged, triggered by action: save_post 
[2025-08-06 07:16:40 : INFO] - Cache for URL: http://localhost/shabbir_portfolio_code/ has been purged, triggered by action: save_post 
[2025-08-06 07:16:40 : INFO] - Cache for URL: http://localhost/shabbir_portfolio_code/ has been purged, triggered by action: save_post 
[2025-08-06 07:48:23 : INFO] - Cache for URL: http://localhost/shabbir_portfolio_code/ has been purged, triggered by action: save_post 
[2025-08-06 07:48:24 : INFO] - Cache for URL: http://localhost/shabbir_portfolio_code/ has been purged, triggered by action: save_post 
[2025-08-06 07:48:24 : INFO] - Cache for URL: http://localhost/shabbir_portfolio_code/ has been purged, triggered by action: save_post 
[2025-08-06 09:17:28 : INFO] - Full Cache Purge triggered by: plugin activation/deactivation 
